// Jest Snapshot v1, https://goo.gl/fbAQLP

exports[`Performance: first-meaningful-paint audit computes FMP correctly for simulated 1`] = `
Object {
  "numericValue": 1553.2040000472914,
  "score": 0.99,
}
`;
