// Jest Snapshot v1, https://goo.gl/fbAQLP

exports[`Metrics: FMP should compute a simulated value 1`] = `
Object {
  "optimistic": 1494,
  "pessimistic": 1613,
  "timing": 1553,
}
`;
