// Jest Snapshot v1, https://goo.gl/fbAQLP

exports[`Metrics: Lantern FCP should compute predicted value 1`] = `
Object {
  "optimistic": 1337,
  "pessimistic": 1337,
  "timing": 1337,
}
`;
